........................................................................ [  5%]
........................................................................ [ 10%]
........................................................................ [ 15%]
........................................................ [ 19%]
........................................................... [ 24%]
........................................................................ [ 29%]
.................................................................................................................... [ 38%]
........................................................................ [ 43%]
................................................................... [ 48%]
...................................................................... [ 53%]
............................................................ [ 57%]
........................................................................ [ 63%]
........................................................................ [ 68%]
........................................................................ [ 73%]
........................................................................ [ 78%]
........................................................................ [ 84%]
........................................................................ [ 89%]
........................................................................ [ 94%]
..................................................................... [ 99%]
..                                                                       [100%]
1363 passed, 79 subtests passed in 37.85s
