........................................................................ [  5%]
........................................................................ [ 10%]
................................................................................................................................ [ 20%]
........................................................... [ 24%]
........................................................................ [ 30%]
............................................ [ 33%]
........................................................................ [ 38%]
........................................................................ [ 44%]
................................................................... [ 49%]
.......................................................... [ 53%]
........................................................................ [ 58%]
........................................................................ [ 64%]
........................................................................ [ 69%]
........................................................................ [ 75%]
........................................................................ [ 80%]
........................................................................ [ 85%]
........................................................................ [ 91%]
........................................................................ [ 96%]
.............................................                         [100%]
1337 passed, 79 subtests passed in 38.13s
