........................................................................ [  4%]
.....................................................x.................. [  8%]
................................................................... [ 13%]
.................................................................................................................................. [ 21%]
........................................................................ [ 25%]
........................................................................ [ 29%]
........................................................................ [ 34%]
........................................................................ [ 38%]
........................................................................ [ 43%]
........................................................................ [ 47%]
........................................................................ [ 52%]
........................................................................ [ 56%]
..................................................................... [ 60%]
........................................................................ [ 65%]
........................................................................ [ 69%]
........................................................................ [ 74%]
........................................................ [ 77%]
........................................................... [ 81%]
........................................................................ [ 85%]
............................................................................................................. [ 92%]
................................................................... [ 96%]
............................... [ 98%]
........................                                              [100%]
1619 passed, 1 xfailed, 207 subtests passed in 42.67s
