........................................................................ [  4%]
....................................................x................... [  8%]
................................................................... [ 12%]
.................................................................................................................................. [ 20%]
........................................................................ [ 25%]
........................................................................ [ 29%]
........................................................................ [ 34%]
........................................................................ [ 38%]
........................................................................ [ 43%]
........................................................................ [ 47%]
........................................................................ [ 51%]
........................................................................ [ 56%]
..................................................................... [ 60%]
........................................................................ [ 65%]
........................................................................ [ 69%]
........................................................................ [ 73%]
........................................................ [ 77%]
................................................................................................................................... [ 85%]
..............................................................................................................................................................................................................................................                                       [100%]
1626 passed, 1 xfailed, 207 subtests passed in 41.53s
